2026-06-01 11:03:27,406 INFO === ArcFace V2 Single-Label Training ===
2026-06-01 11:03:27,406 INFO classes=486 dim=512 backbone=resnet50 lr=0.000100 lr_head=0.001000 s=30.0 m=0.50 epochs=60 batch=128
2026-06-01 11:03:27,406 INFO train samples=7196 val samples=2526
2026-06-01 11:03:38,931 INFO epoch=01 loss=21.2740 lr=0.000010 x_r1=0.0000 x_r5=0.0000 x_r10=0.0000 x_mAP=0.0000 best=1
2026-06-01 11:04:00,374 INFO epoch=02 loss=20.6603 lr=0.000033 x_r1=0.0792 x_r5=0.1654 x_r10=0.2260 x_mAP=0.0452 best=1
2026-06-01 11:04:11,704 INFO epoch=03 loss=19.7485 lr=0.000055 x_r1=0.0000 x_r5=0.0000 x_r10=0.0000 x_mAP=0.0000 best=0
2026-06-01 11:04:32,315 INFO epoch=04 loss=18.8637 lr=0.000077 x_r1=0.1325 x_r5=0.2728 x_r10=0.3478 x_mAP=0.0837 best=1
2026-06-01 11:04:42,636 INFO epoch=05 loss=17.9931 lr=0.000100 x_r1=0.0000 x_r5=0.0000 x_r10=0.0000 x_mAP=0.0000 best=0
2026-06-01 11:05:03,838 INFO epoch=06 loss=17.0151 lr=0.000100 x_r1=0.1950 x_r5=0.3738 x_r10=0.4400 x_mAP=0.1253 best=1
2026-06-01 11:05:14,948 INFO epoch=07 loss=15.9634 lr=0.000100 x_r1=0.0000 x_r5=0.0000 x_r10=0.0000 x_mAP=0.0000 best=0
2026-06-01 11:05:36,351 INFO epoch=08 loss=14.9288 lr=0.000099 x_r1=0.2219 x_r5=0.4062 x_r10=0.4905 x_mAP=0.1536 best=1
2026-06-01 11:05:45,914 INFO epoch=09 loss=13.9819 lr=0.000099 x_r1=0.0000 x_r5=0.0000 x_r10=0.0000 x_mAP=0.0000 best=0
2026-06-01 11:06:07,239 INFO epoch=10 loss=13.0581 lr=0.000098 x_r1=0.2501 x_r5=0.4405 x_r10=0.5118 x_mAP=0.1731 best=1
2026-06-01 11:06:17,603 INFO epoch=11 loss=11.9806 lr=0.000097 x_r1=0.0000 x_r5=0.0000 x_r10=0.0000 x_mAP=0.0000 best=0
2026-06-01 11:06:39,481 INFO epoch=12 loss=11.0324 lr=0.000096 x_r1=0.2594 x_r5=0.4409 x_r10=0.5053 x_mAP=0.1811 best=1
2026-06-01 11:06:50,039 INFO epoch=13 loss=10.0928 lr=0.000095 x_r1=0.0000 x_r5=0.0000 x_r10=0.0000 x_mAP=0.0000 best=0
2026-06-01 11:07:10,730 INFO epoch=14 loss=9.1106 lr=0.000094 x_r1=0.2622 x_r5=0.4382 x_r10=0.5030 x_mAP=0.1862 best=1
2026-06-01 11:07:20,929 INFO epoch=15 loss=8.2437 lr=0.000092 x_r1=0.0000 x_r5=0.0000 x_r10=0.0000 x_mAP=0.0000 best=0
2026-06-01 11:07:41,853 INFO epoch=16 loss=7.3198 lr=0.000090 x_r1=0.2552 x_r5=0.4284 x_r10=0.4998 x_mAP=0.1875 best=1
2026-06-01 11:07:52,234 INFO epoch=17 loss=6.5783 lr=0.000089 x_r1=0.0000 x_r5=0.0000 x_r10=0.0000 x_mAP=0.0000 best=0
2026-06-01 11:08:13,709 INFO epoch=18 loss=5.9123 lr=0.000087 x_r1=0.2645 x_r5=0.4331 x_r10=0.4975 x_mAP=0.1919 best=1
2026-06-01 11:08:23,920 INFO epoch=19 loss=5.2321 lr=0.000085 x_r1=0.0000 x_r5=0.0000 x_r10=0.0000 x_mAP=0.0000 best=0
2026-06-01 11:08:44,923 INFO epoch=20 loss=4.5888 lr=0.000083 x_r1=0.2626 x_r5=0.4405 x_r10=0.4970 x_mAP=0.1925 best=1
2026-06-01 11:08:55,315 INFO epoch=21 loss=4.1089 lr=0.000081 x_r1=0.0000 x_r5=0.0000 x_r10=0.0000 x_mAP=0.0000 best=0
2026-06-01 11:09:16,009 INFO epoch=22 loss=3.6103 lr=0.000078 x_r1=0.2742 x_r5=0.4428 x_r10=0.4975 x_mAP=0.2003 best=1
2026-06-01 11:09:26,296 INFO epoch=23 loss=3.2402 lr=0.000076 x_r1=0.0000 x_r5=0.0000 x_r10=0.0000 x_mAP=0.0000 best=0
2026-06-01 11:09:47,612 INFO epoch=24 loss=2.7957 lr=0.000073 x_r1=0.2733 x_r5=0.4423 x_r10=0.4942 x_mAP=0.2007 best=1
2026-06-01 11:09:58,488 INFO epoch=25 loss=2.4277 lr=0.000071 x_r1=0.0000 x_r5=0.0000 x_r10=0.0000 x_mAP=0.0000 best=0
2026-06-01 11:10:19,594 INFO epoch=26 loss=2.1212 lr=0.000068 x_r1=0.2677 x_r5=0.4391 x_r10=0.4961 x_mAP=0.2026 best=1
2026-06-01 11:10:29,230 INFO epoch=27 loss=1.8478 lr=0.000065 x_r1=0.0000 x_r5=0.0000 x_r10=0.0000 x_mAP=0.0000 best=0
2026-06-01 11:10:50,160 INFO epoch=28 loss=1.6609 lr=0.000063 x_r1=0.2774 x_r5=0.4405 x_r10=0.4896 x_mAP=0.2058 best=1
2026-06-01 11:11:00,489 INFO epoch=29 loss=1.4294 lr=0.000060 x_r1=0.0000 x_r5=0.0000 x_r10=0.0000 x_mAP=0.0000 best=0
2026-06-01 11:11:21,337 INFO epoch=30 loss=1.2449 lr=0.000057 x_r1=0.2761 x_r5=0.4377 x_r10=0.4900 x_mAP=0.2065 best=1
2026-06-01 11:11:30,669 INFO epoch=31 loss=1.1187 lr=0.000054 x_r1=0.0000 x_r5=0.0000 x_r10=0.0000 x_mAP=0.0000 best=0
2026-06-01 11:11:50,321 INFO epoch=32 loss=0.9907 lr=0.000051 x_r1=0.2751 x_r5=0.4451 x_r10=0.4896 x_mAP=0.2088 best=1
2026-06-01 11:12:00,112 INFO epoch=33 loss=0.9000 lr=0.000049 x_r1=0.0000 x_r5=0.0000 x_r10=0.0000 x_mAP=0.0000 best=0
2026-06-01 11:12:19,525 INFO epoch=34 loss=0.8288 lr=0.000046 x_r1=0.2733 x_r5=0.4349 x_r10=0.4900 x_mAP=0.2060 best=0
2026-06-01 11:12:29,347 INFO epoch=35 loss=0.7161 lr=0.000043 x_r1=0.0000 x_r5=0.0000 x_r10=0.0000 x_mAP=0.0000 best=0
2026-06-01 11:12:49,844 INFO epoch=36 loss=0.6538 lr=0.000040 x_r1=0.2728 x_r5=0.4386 x_r10=0.4924 x_mAP=0.2082 best=0
2026-06-01 11:12:59,930 INFO epoch=37 loss=0.6117 lr=0.000037 x_r1=0.0000 x_r5=0.0000 x_r10=0.0000 x_mAP=0.0000 best=0
2026-06-01 11:13:19,723 INFO epoch=38 loss=0.5842 lr=0.000035 x_r1=0.2700 x_r5=0.4326 x_r10=0.4910 x_mAP=0.2037 best=0
2026-06-01 11:13:29,897 INFO epoch=39 loss=0.5242 lr=0.000032 x_r1=0.0000 x_r5=0.0000 x_r10=0.0000 x_mAP=0.0000 best=0
2026-06-01 11:13:51,148 INFO epoch=40 loss=0.4874 lr=0.000029 x_r1=0.2682 x_r5=0.4289 x_r10=0.4859 x_mAP=0.2052 best=0
2026-06-01 11:14:00,886 INFO epoch=41 loss=0.4821 lr=0.000027 x_r1=0.0000 x_r5=0.0000 x_r10=0.0000 x_mAP=0.0000 best=0
2026-06-01 11:14:20,741 INFO epoch=42 loss=0.4612 lr=0.000024 x_r1=0.2691 x_r5=0.4331 x_r10=0.4863 x_mAP=0.2052 best=0
2026-06-01 11:14:30,440 INFO epoch=43 loss=0.4179 lr=0.000022 x_r1=0.0000 x_r5=0.0000 x_r10=0.0000 x_mAP=0.0000 best=0
2026-06-01 11:14:51,339 INFO epoch=44 loss=0.3994 lr=0.000019 x_r1=0.2761 x_r5=0.4243 x_r10=0.4808 x_mAP=0.2073 best=0
2026-06-01 11:15:02,107 INFO epoch=45 loss=0.3946 lr=0.000017 x_r1=0.0000 x_r5=0.0000 x_r10=0.0000 x_mAP=0.0000 best=0
2026-06-01 11:15:23,193 INFO epoch=46 loss=0.3718 lr=0.000015 x_r1=0.2714 x_r5=0.4368 x_r10=0.4988 x_mAP=0.2065 best=0
2026-06-01 11:15:33,285 INFO epoch=47 loss=0.3692 lr=0.000013 x_r1=0.0000 x_r5=0.0000 x_r10=0.0000 x_mAP=0.0000 best=0
2026-06-01 11:15:33,290 INFO early stop epoch=47 best=32 best_mAP=0.2088
2026-06-01 11:15:33,324 INFO done. best_epoch=32 best_mAP=0.2088
